// Jest Snapshot v1, https://goo.gl/fbAQLP

exports[`Render Add Expense page correctly 1`] = `
<div>
  <h2>
    Add Expense
  </h2>
  <ExpenseFrom
    onSubmit={[Function]}
  />
</div>
`;
