// Jest Snapshot v1, https://goo.gl/fbAQLP

exports[`Header Rendering 1`] = `
<header>
  <h1>
    Budget App
  </h1>
  <NavLink
    activeClassName="isActive"
    exact={true}
    to="/"
  >
     Home 
  </NavLink>
  <NavLink
    activeClassName="isActive"
    to="/create"
  >
     Add 
  </NavLink>
  <NavLink
    activeClassName="isActive"
    to="/help"
  >
     Help 
  </NavLink>
</header>
`;
