// Jest Snapshot v1, https://goo.gl/fbAQLP

exports[`Render NotFoundPage 1`] = `
<div>
  404
</div>
`;
